elm-format x.x.x

Usage: elm-format [INPUT] [--output FILE] [--yes] [--validate] [--stdin] 
                  [--elm-version VERSION] [--upgrade]
  Format Elm source files.

Available options:
  -h,--help                Show this help text
  --output FILE            Write output to FILE instead of overwriting the given
                           source file.
  --yes                    Reply 'yes' to all automated prompts.
  --validate               Check if files are formatted without changing them.
  --stdin                  Read from stdin, output to stdout.
  --elm-version VERSION    The Elm version of the source files being formatted.
                           Valid values: 0.18, 0.19. Default: auto
  --upgrade                Upgrade older Elm files to Elm 0.19 syntax

Examples:
  elm-format Main.elm                     # formats Main.elm
  elm-format Main.elm --output Main2.elm  # formats Main.elm as Main2.elm
  elm-format src/                         # format all *.elm files in the src directory

Full guide to using elm-format at <https://github.com/avh4/elm-format>
